// Jest Snapshot v1, https://goo.gl/fbAQLP

exports[`(Component) DefactJudgeFilter render normally 1`] = `
<div
  className="DefectmapFilter-container"
>
  <DatePicker2
    getGlasses={[Function]}
    getLots={[Function]}
  />
  <AvailableFilters
    lineID="PIPR01"
    operation="2100"
    order="asc"
    pageNo={1}
    pageSize={1}
    product="SV509-CF"
    sortBy="id"
    subEntity="PIN01"
    that={
      DefectmapFilter {
        "_reactInternalInstance": ShallowComponentWrapper {
          "_calledComponentWillUnmount": false,
          "_compositeType": 0,
          "_context": Object {},
          "_currentElement": <DefectmapFilter
            getGlasses={[Function]}
            getLots={[Function]}
      />,
          "_debugID": 1,
          "_hostContainerInfo": null,
          "_hostParent": null,
          "_instance": [Circular],
          "_mountOrder": 1,
          "_pendingCallbacks": null,
          "_pendingElement": null,
          "_pendingForceUpdate": false,
          "_pendingReplaceState": false,
          "_pendingStateQueue": null,
          "_renderedComponent": NoopInternalComponent {
            "_currentElement": <div
              className="DefectmapFilter-container"
      >
              <DatePicker2
                      getGlasses={[Function]}
                      getLots={[Function]}
              />
              <AvailableFilters
                      lineID="PIPR01"
                      operation="2100"
                      order="asc"
                      pageNo={1}
                      pageSize={1}
                      product="SV509-CF"
                      sortBy="id"
                      subEntity="PIN01"
                      that={[Circular]}
              />
              <Blueprint.Button
                      className="btn-submit"
                      onClick={[Function]}
              >
                      查询
              </Blueprint.Button>
      </div>,
            "_debugID": 2,
            "_renderedOutput": <div
              className="DefectmapFilter-container"
      >
              <DatePicker2
                      getGlasses={[Function]}
                      getLots={[Function]}
              />
              <AvailableFilters
                      lineID="PIPR01"
                      operation="2100"
                      order="asc"
                      pageNo={1}
                      pageSize={1}
                      product="SV509-CF"
                      sortBy="id"
                      subEntity="PIN01"
                      that={[Circular]}
              />
              <Blueprint.Button
                      className="btn-submit"
                      onClick={[Function]}
              >
                      查询
              </Blueprint.Button>
      </div>,
          },
          "_renderedNodeType": 0,
          "_rootNodeID": 0,
          "_topLevelWrapper": null,
          "_updateBatchNumber": null,
          "_warnedAboutRefsInRender": false,
        },
        "context": Object {},
        "handleClick": [Function],
        "props": Object {
          "getGlasses": [Function],
          "getLots": [Function],
        },
        "refs": Object {},
        "state": Object {
          "lineID": "PIPR01",
          "operation": "2100",
          "order": "asc",
          "pageNo": 1,
          "pageSize": 1,
          "product": "SV509-CF",
          "sortBy": "id",
          "subEntity": "PIN01",
        },
        "updater": Object {
          "enqueueCallback": [Function],
          "enqueueCallbackInternal": [Function],
          "enqueueElementInternal": [Function],
          "enqueueForceUpdate": [Function],
          "enqueueReplaceState": [Function],
          "enqueueSetState": [Function],
          "isMounted": [Function],
          "validateCallback": [Function],
        },
      }
    }
  />
  <Blueprint.Button
    className="btn-submit"
    onClick={[Function]}
  >
    查询
  </Blueprint.Button>
</div>
`;
