// Jest Snapshot v1, https://goo.gl/fbAQLP

exports[`(Component) LabelingToolFilter render normally 1`] = `
<div
  className="LabelingToolFilter-container"
/>
`;
