// Jest Snapshot v1, https://goo.gl/fbAQLP

exports[`(Component) OJSFilter render normally 1`] = `
<div
  className="OJSFilter-container"
>
  OJSFilter
</div>
`;
