// Jest Snapshot v1, https://goo.gl/fbAQLP

exports[`(Component) QCAFilter render normally 1`] = `
<div
  className="QCAFilter-container"
>
  QCAFilter
</div>
`;
