// Jest Snapshot v1, https://goo.gl/fbAQLP

exports[`(Component) StkFilter render normally 1`] = `
<div
  className="StkFilter-container"
/>
`;
