// Jest Snapshot v1, https://goo.gl/fbAQLP

exports[`(Component) XbarChart if Xbarchart "did" exist  1`] = `
<div
  className="DefectRate-container"
>
  <div
    style={
      Object {
        "color": "#337ab7",
        "fontSize": "16px",
        "fontWeight": "bold",
      }
    }
  >
    暂无数据
  </div>
</div>
`;

exports[`(Component) XbarChart if Xbarchart "did" not exist  1`] = `
<div
  className="XBarChart-container"
>
  <ECharts
    config={Object {}}
    id="chart"
    lazyUpdate={false}
    notMerge={false}
    option={
      Object {
        "grid": Object {
          "x": 100,
          "x2": 100,
          "y": 50,
          "y2": 100,
        },
        "series": Array [
          Object {
            "data": Array [
              "7.42",
              "7.42",
            ],
            "itemStyle": Object {
              "normal": Object {
                "color": [Function],
              },
            },
            "lineStyle": Object {
              "normal": Object {
                "color": "blue",
              },
            },
            "markLine": Object {
              "data": Array [
                Object {
                  "itemStyle": Object {
                    "normal": Object {
                      "color": "blue",
                      "label": Object {
                        "formatter": "UCL",
                      },
                    },
                  },
                  "yAxis": 8.02,
                },
                Object {
                  "itemStyle": Object {
                    "normal": Object {
                      "color": "red",
                      "label": Object {
                        "formatter": "USL",
                      },
                    },
                  },
                  "yAxis": 7.5,
                },
                Object {
                  "itemStyle": Object {
                    "normal": Object {
                      "color": "#000",
                      "label": Object {
                        "formatter": "CL",
                      },
                    },
                  },
                  "yAxis": 7,
                },
                Object {
                  "itemStyle": Object {
                    "normal": Object {
                      "color": "#000",
                      "label": Object {
                        "formatter": "SL",
                      },
                    },
                  },
                  "yAxis": 7,
                },
                Object {
                  "itemStyle": Object {
                    "normal": Object {
                      "color": "red",
                      "label": Object {
                        "formatter": "LSL",
                      },
                    },
                  },
                  "yAxis": 6.5,
                },
                Object {
                  "itemStyle": Object {
                    "normal": Object {
                      "color": "blue",
                      "label": Object {
                        "formatter": "LCL",
                      },
                    },
                  },
                  "yAxis": 5.99,
                },
              ],
              "itemStyle": Object {
                "normal": Object {
                  "lineStyle": Object {
                    "type": "solid",
                  },
                },
              },
              "symbol": "none",
              "tooltip": Object {
                "show": false,
              },
            },
            "name": "数值",
            "symbol": "circle",
            "symbolSize": 7,
            "type": "line",
          },
          Object {
            "data": Array [
              "7.80",
              "7.80",
            ],
            "itemStyle": Object {
              "normal": Object {
                "color": "#f7f7f7",
              },
            },
            "name": "X最大值",
            "symbol": "none",
            "type": "scatter",
          },
          Object {
            "data": Array [
              "7.03",
              "7.03",
            ],
            "itemStyle": Object {
              "normal": Object {
                "color": "#f7f7f7",
              },
            },
            "name": "X最小值",
            "symbol": "none",
            "type": "scatter",
          },
          Object {
            "data": Array [
              "2017-04-05 08:25:00",
              "2017-04-05 08:25:00",
            ],
            "name": "时间",
            "type": "line",
          },
        ],
        "title": Object {
          "text": "XBAR Chart",
          "textStyle": Object {
            "color": "#337ab7",
          },
        },
        "tooltip": Object {
          "formatter": [Function],
          "trigger": "axis",
        },
        "xAxis": Array [
          Object {
            "axisLabel": Object {
              "interval": 0,
              "rotate": 45,
            },
            "boundaryGap": false,
            "data": Array [
              "ooc",
              "ooc",
            ],
            "position": "top",
            "show": false,
            "type": "category",
          },
          Object {
            "axisLabel": Object {
              "interval": 0,
              "rotate": 45,
            },
            "boundaryGap": false,
            "data": Array [
              "2017-04-05 08:25:00",
              "2017-04-05 08:25:00",
            ],
            "position": "bottom",
            "type": "category",
          },
        ],
        "yAxis": Array [
          Object {
            "axisLabel": Object {
              "formatter": "{value}",
            },
            "max": 8.5,
            "min": 5.5,
            "splitLine": Object {
              "show": false,
            },
            "type": "value",
          },
        ],
      }
    }
    style={
      Object {
        "height": "450px",
        "position": "relative",
      }
    }
  />
  <div
    style={
      Object {
        "textAlign": "center",
      }
    }
  >
    X轴： 时间
  </div>
  <div
    className="yy"
    style={
      Object {
        "position": "absolute",
        "top": "25%",
      }
    }
  >
    Y轴： 数值
  </div>
</div>
`;
